<?xml version="1.0" encoding="UTF-8"?>
<testsuites name="jest tests" tests="5" failures="5" time="2.298">
  <testsuite name="undefined" errors="0" failures="5" skipped="0" timestamp="2022-05-28T10:38:49" time="1.706" tests="5">
    <testcase classname=" initial UI is rendered as expected" name=" initial UI is rendered as expected" time="0.039">
      <failure>Error: expect(received).toBe(expected) // Object.is equality

Expected: null
Received: &lt;ul class=&quot;styled mt-50&quot; data-testid=&quot;customer-list&quot;&gt;&lt;li class=&quot;slide-up-fade-in&quot; data-testid=&quot;list-item1&quot;&gt;Customer&lt;h1 /&gt;&lt;/li&gt;&lt;/ul&gt;
    at Object.&lt;anonymous&gt; (/projects/challenge/src/App.test.js:17:41)
    at Object.asyncJestTest (/projects/challenge/node_modules/jest-jasmine2/build/jasmineAsyncInstall.js:102:37)
    at /projects/challenge/node_modules/jest-jasmine2/build/queueRunner.js:43:12
    at new Promise (&lt;anonymous&gt;)
    at mapper (/projects/challenge/node_modules/jest-jasmine2/build/queueRunner.js:26:19)
    at /projects/challenge/node_modules/jest-jasmine2/build/queueRunner.js:73:41
    at processTicksAndRejections (internal/process/task_queues.js:97:5)</failure>
    </testcase>
    <testcase classname=" button adds customer" name=" button adds customer" time="0.023">
      <failure>TestingLibraryElementError: Unable to find an element by: [data-testid=&quot;list-item0&quot;]

&lt;body&gt;
  &lt;div&gt;
    &lt;div&gt;
      &lt;h8k-navbar
        header=&quot;Customer List&quot;
      /&gt;
      &lt;div
        class=&quot;mt-75 layout-column justify-content-center align-items-center&quot;
      &gt;
        &lt;section
          class=&quot;layout-row align-items-center justify-content-center&quot;
        &gt;
          &lt;input
            class=&quot;large&quot;
            data-testid=&quot;app-input&quot;
            placeholder=&quot;Name&quot;
            type=&quot;text&quot;
            value=&quot;Steve&quot;
          /&gt;
          &lt;button
            class=&quot;ml-30&quot;
            data-testid=&quot;submit-button&quot;
            type=&quot;submit&quot;
          &gt;
            Add Customer
          &lt;/button&gt;
        &lt;/section&gt;
        &lt;ul
          class=&quot;styled mt-50&quot;
          data-testid=&quot;customer-list&quot;
        &gt;
          &lt;li
            class=&quot;slide-up-fade-in&quot;
            data-testid=&quot;list-item1&quot;
          &gt;
            Customer
            &lt;h1 /&gt;
          &lt;/li&gt;
        &lt;/ul&gt;
      &lt;/div&gt;
    &lt;/div&gt;
  &lt;/div&gt;
&lt;/body&gt;
    at Object.getElementError (/projects/challenge/node_modules/@testing-library/dom/dist/config.js:37:19)
    at /projects/challenge/node_modules/@testing-library/dom/dist/query-helpers.js:90:38
    at /projects/challenge/node_modules/@testing-library/dom/dist/query-helpers.js:62:17
    at getByTestId (/projects/challenge/node_modules/@testing-library/dom/dist/query-helpers.js:111:19)
    at Object.&lt;anonymous&gt; (/projects/challenge/src/App.test.js:29:27)
    at Object.asyncJestTest (/projects/challenge/node_modules/jest-jasmine2/build/jasmineAsyncInstall.js:102:37)
    at /projects/challenge/node_modules/jest-jasmine2/build/queueRunner.js:43:12
    at new Promise (&lt;anonymous&gt;)
    at mapper (/projects/challenge/node_modules/jest-jasmine2/build/queueRunner.js:26:19)
    at /projects/challenge/node_modules/jest-jasmine2/build/queueRunner.js:73:41</failure>
    </testcase>
    <testcase classname=" button adds multiple customer" name=" button adds multiple customer" time="0.011">
      <failure>TestingLibraryElementError: Unable to find an element by: [data-testid=&quot;list-item0&quot;]

&lt;body&gt;
  &lt;div&gt;
    &lt;div&gt;
      &lt;h8k-navbar
        header=&quot;Customer List&quot;
      /&gt;
      &lt;div
        class=&quot;mt-75 layout-column justify-content-center align-items-center&quot;
      &gt;
        &lt;section
          class=&quot;layout-row align-items-center justify-content-center&quot;
        &gt;
          &lt;input
            class=&quot;large&quot;
            data-testid=&quot;app-input&quot;
            placeholder=&quot;Name&quot;
            type=&quot;text&quot;
            value=&quot;John&quot;
          /&gt;
          &lt;button
            class=&quot;ml-30&quot;
            data-testid=&quot;submit-button&quot;
            type=&quot;submit&quot;
          &gt;
            Add Customer
          &lt;/button&gt;
        &lt;/section&gt;
        &lt;ul
          class=&quot;styled mt-50&quot;
          data-testid=&quot;customer-list&quot;
        &gt;
          &lt;li
            class=&quot;slide-up-fade-in&quot;
            data-testid=&quot;list-item1&quot;
          &gt;
            Customer
            &lt;h1 /&gt;
          &lt;/li&gt;
        &lt;/ul&gt;
      &lt;/div&gt;
    &lt;/div&gt;
  &lt;/div&gt;
&lt;/body&gt;
    at Object.getElementError (/projects/challenge/node_modules/@testing-library/dom/dist/config.js:37:19)
    at /projects/challenge/node_modules/@testing-library/dom/dist/query-helpers.js:90:38
    at /projects/challenge/node_modules/@testing-library/dom/dist/query-helpers.js:62:17
    at getByTestId (/projects/challenge/node_modules/@testing-library/dom/dist/query-helpers.js:111:19)
    at Object.&lt;anonymous&gt; (/projects/challenge/src/App.test.js:50:9)
    at Object.asyncJestTest (/projects/challenge/node_modules/jest-jasmine2/build/jasmineAsyncInstall.js:102:37)
    at /projects/challenge/node_modules/jest-jasmine2/build/queueRunner.js:43:12
    at new Promise (&lt;anonymous&gt;)
    at mapper (/projects/challenge/node_modules/jest-jasmine2/build/queueRunner.js:26:19)
    at /projects/challenge/node_modules/jest-jasmine2/build/queueRunner.js:73:41</failure>
    </testcase>
    <testcase classname=" after adding customer input has no value" name=" after adding customer input has no value" time="0.007">
      <failure>TestingLibraryElementError: Unable to find an element by: [data-testid=&quot;list-item0&quot;]

&lt;body&gt;
  &lt;div&gt;
    &lt;div&gt;
      &lt;h8k-navbar
        header=&quot;Customer List&quot;
      /&gt;
      &lt;div
        class=&quot;mt-75 layout-column justify-content-center align-items-center&quot;
      &gt;
        &lt;section
          class=&quot;layout-row align-items-center justify-content-center&quot;
        &gt;
          &lt;input
            class=&quot;large&quot;
            data-testid=&quot;app-input&quot;
            placeholder=&quot;Name&quot;
            type=&quot;text&quot;
            value=&quot;Steve&quot;
          /&gt;
          &lt;button
            class=&quot;ml-30&quot;
            data-testid=&quot;submit-button&quot;
            type=&quot;submit&quot;
          &gt;
            Add Customer
          &lt;/button&gt;
        &lt;/section&gt;
        &lt;ul
          class=&quot;styled mt-50&quot;
          data-testid=&quot;customer-list&quot;
        &gt;
          &lt;li
            class=&quot;slide-up-fade-in&quot;
            data-testid=&quot;list-item1&quot;
          &gt;
            Customer
            &lt;h1 /&gt;
          &lt;/li&gt;
        &lt;/ul&gt;
      &lt;/div&gt;
    &lt;/div&gt;
  &lt;/div&gt;
&lt;/body&gt;
    at Object.getElementError (/projects/challenge/node_modules/@testing-library/dom/dist/config.js:37:19)
    at /projects/challenge/node_modules/@testing-library/dom/dist/query-helpers.js:90:38
    at /projects/challenge/node_modules/@testing-library/dom/dist/query-helpers.js:62:17
    at getByTestId (/projects/challenge/node_modules/@testing-library/dom/dist/query-helpers.js:111:19)
    at Object.&lt;anonymous&gt; (/projects/challenge/src/App.test.js:64:9)
    at Object.asyncJestTest (/projects/challenge/node_modules/jest-jasmine2/build/jasmineAsyncInstall.js:102:37)
    at /projects/challenge/node_modules/jest-jasmine2/build/queueRunner.js:43:12
    at new Promise (&lt;anonymous&gt;)
    at mapper (/projects/challenge/node_modules/jest-jasmine2/build/queueRunner.js:26:19)
    at /projects/challenge/node_modules/jest-jasmine2/build/queueRunner.js:73:41</failure>
    </testcase>
    <testcase classname=" no customer added on empty input" name=" no customer added on empty input" time="0.005">
      <failure>Error: expect(received).toBe(expected) // Object.is equality

Expected: null
Received: &lt;ul class=&quot;styled mt-50&quot; data-testid=&quot;customer-list&quot;&gt;&lt;li class=&quot;slide-up-fade-in&quot; data-testid=&quot;list-item1&quot;&gt;Customer&lt;h1 /&gt;&lt;/li&gt;&lt;/ul&gt;
    at Object.&lt;anonymous&gt; (/projects/challenge/src/App.test.js:76:41)
    at Object.asyncJestTest (/projects/challenge/node_modules/jest-jasmine2/build/jasmineAsyncInstall.js:102:37)
    at /projects/challenge/node_modules/jest-jasmine2/build/queueRunner.js:43:12
    at new Promise (&lt;anonymous&gt;)
    at mapper (/projects/challenge/node_modules/jest-jasmine2/build/queueRunner.js:26:19)
    at /projects/challenge/node_modules/jest-jasmine2/build/queueRunner.js:73:41</failure>
    </testcase>
  </testsuite>
</testsuites>